C:\Users\ASUS\OneDrive\Desktop\lms_antigravity\LMS\Views\Admin\ChangePassword.cshtml(60,93): error RZ1005: "," is not valid at the start of a code block.  Only identifiers, keywords, comments, "(" and "{" are valid. [C:\Users\ASUS\OneDrive\Desktop\lms_antigravity\LMS\LMS.csproj]
C:\Users\ASUS\OneDrive\Desktop\lms_antigravity\LMS\obj\Debug\net10.0\Microsoft.CodeAnalysis.Razor.Compiler\Microsoft.NET.Sdk.Razor.SourceGenerators.RazorSourceGenerator\Views_Admin_ChangePassword_cshtml.g.cs(426,13): error CS1501: No overload for method 'Write' takes 0 arguments [C:\Users\ASUS\OneDrive\Desktop\lms_antigravity\LMS\LMS.csproj]

Build FAILED.
    6 Warning(s)
    2 Error(s)

Time Elapsed 00:00:03.21
